Archive member included because of file (symbol)

c:/program files (x86)/gnu tools arm embedded/4.9 2015q2/bin/../lib/gcc/arm-none-eabi/4.9.3/../../../../arm-none-eabi/lib/armv7-m\libg.a(lib_a-exit.o)
                              c:/program files (x86)/gnu tools arm embedded/4.9 2015q2/bin/../lib/gcc/arm-none-eabi/4.9.3/../../../../arm-none-eabi/lib/armv7-m/crt0.o (exit)
c:/program files (x86)/gnu tools arm embedded/4.9 2015q2/bin/../lib/gcc/arm-none-eabi/4.9.3/../../../../arm-none-eabi/lib/armv7-m\libg.a(lib_a-impure.o)
                              c:/program files (x86)/gnu tools arm embedded/4.9 2015q2/bin/../lib/gcc/arm-none-eabi/4.9.3/../../../../arm-none-eabi/lib/armv7-m\libg.a(lib_a-exit.o) (_global_impure_ptr)
c:/program files (x86)/gnu tools arm embedded/4.9 2015q2/bin/../lib/gcc/arm-none-eabi/4.9.3/../../../../arm-none-eabi/lib/armv7-m\libg.a(lib_a-init.o)
                              c:/program files (x86)/gnu tools arm embedded/4.9 2015q2/bin/../lib/gcc/arm-none-eabi/4.9.3/../../../../arm-none-eabi/lib/armv7-m/crt0.o (__libc_init_array)
c:/program files (x86)/gnu tools arm embedded/4.9 2015q2/bin/../lib/gcc/arm-none-eabi/4.9.3/../../../../arm-none-eabi/lib/armv7-m\libg.a(lib_a-memset.o)
                              c:/program files (x86)/gnu tools arm embedded/4.9 2015q2/bin/../lib/gcc/arm-none-eabi/4.9.3/../../../../arm-none-eabi/lib/armv7-m/crt0.o (memset)
c:/program files (x86)/gnu tools arm embedded/4.9 2015q2/bin/../lib/gcc/arm-none-eabi/4.9.3/../../../../arm-none-eabi/lib/armv7-m\libg.a(lib_a-__call_atexit.o)
                              c:/program files (x86)/gnu tools arm embedded/4.9 2015q2/bin/../lib/gcc/arm-none-eabi/4.9.3/../../../../arm-none-eabi/lib/armv7-m\libg.a(lib_a-exit.o) (__call_exitprocs)
c:/program files (x86)/gnu tools arm embedded/4.9 2015q2/bin/../lib/gcc/arm-none-eabi/4.9.3/../../../../arm-none-eabi/lib/armv7-m\libg.a(lib_a-atexit.o)
                              c:/program files (x86)/gnu tools arm embedded/4.9 2015q2/bin/../lib/gcc/arm-none-eabi/4.9.3/../../../../arm-none-eabi/lib/armv7-m\libg.a(lib_a-__call_atexit.o) (atexit)
c:/program files (x86)/gnu tools arm embedded/4.9 2015q2/bin/../lib/gcc/arm-none-eabi/4.9.3/../../../../arm-none-eabi/lib/armv7-m\libg.a(lib_a-fini.o)
                              c:/program files (x86)/gnu tools arm embedded/4.9 2015q2/bin/../lib/gcc/arm-none-eabi/4.9.3/../../../../arm-none-eabi/lib/armv7-m\libg.a(lib_a-__call_atexit.o) (__libc_fini_array)
c:/program files (x86)/gnu tools arm embedded/4.9 2015q2/bin/../lib/gcc/arm-none-eabi/4.9.3/../../../../arm-none-eabi/lib/armv7-m\libg.a(lib_a-__atexit.o)
                              c:/program files (x86)/gnu tools arm embedded/4.9 2015q2/bin/../lib/gcc/arm-none-eabi/4.9.3/../../../../arm-none-eabi/lib/armv7-m\libg.a(lib_a-atexit.o) (__register_exitproc)

Discarded input sections

 .text          0x00000000        0x0 c:/program files (x86)/gnu tools arm embedded/4.9 2015q2/bin/../lib/gcc/arm-none-eabi/4.9.3/armv7-m/crti.o
 .data          0x00000000        0x0 c:/program files (x86)/gnu tools arm embedded/4.9 2015q2/bin/../lib/gcc/arm-none-eabi/4.9.3/armv7-m/crti.o
 .bss           0x00000000        0x0 c:/program files (x86)/gnu tools arm embedded/4.9 2015q2/bin/../lib/gcc/arm-none-eabi/4.9.3/armv7-m/crti.o
 .data          0x00000000        0x4 c:/program files (x86)/gnu tools arm embedded/4.9 2015q2/bin/../lib/gcc/arm-none-eabi/4.9.3/armv7-m/crtbegin.o
 .text          0x00000000       0x74 c:/program files (x86)/gnu tools arm embedded/4.9 2015q2/bin/../lib/gcc/arm-none-eabi/4.9.3/../../../../arm-none-eabi/lib/armv7-m/crt0.o
 .data          0x00000000        0x0 c:/program files (x86)/gnu tools arm embedded/4.9 2015q2/bin/../lib/gcc/arm-none-eabi/4.9.3/../../../../arm-none-eabi/lib/armv7-m/crt0.o
 .bss           0x00000000        0x0 c:/program files (x86)/gnu tools arm embedded/4.9 2015q2/bin/../lib/gcc/arm-none-eabi/4.9.3/../../../../arm-none-eabi/lib/armv7-m/crt0.o
 .ARM.extab     0x00000000        0x0 c:/program files (x86)/gnu tools arm embedded/4.9 2015q2/bin/../lib/gcc/arm-none-eabi/4.9.3/../../../../arm-none-eabi/lib/armv7-m/crt0.o
 .ARM.exidx     0x00000000        0x8 c:/program files (x86)/gnu tools arm embedded/4.9 2015q2/bin/../lib/gcc/arm-none-eabi/4.9.3/../../../../arm-none-eabi/lib/armv7-m/crt0.o
 .ARM.attributes
                0x00000000       0x1b c:/program files (x86)/gnu tools arm embedded/4.9 2015q2/bin/../lib/gcc/arm-none-eabi/4.9.3/../../../../arm-none-eabi/lib/armv7-m/crt0.o
 .group         0x00000000        0x8 ./SPL/Source/stm32f4xx_gpio.o
 .group         0x00000000        0x8 ./SPL/Source/stm32f4xx_gpio.o
 .group         0x00000000        0x8 ./SPL/Source/stm32f4xx_gpio.o
 .group         0x00000000        0x8 ./SPL/Source/stm32f4xx_gpio.o
 .group         0x00000000        0x8 ./SPL/Source/stm32f4xx_gpio.o
 .group         0x00000000        0x8 ./SPL/Source/stm32f4xx_gpio.o
 .group         0x00000000        0x8 ./SPL/Source/stm32f4xx_gpio.o
 .group         0x00000000        0x8 ./SPL/Source/stm32f4xx_gpio.o
 .group         0x00000000        0x8 ./SPL/Source/stm32f4xx_gpio.o
 .group         0x00000000        0x8 ./SPL/Source/stm32f4xx_gpio.o
 .group         0x00000000        0x8 ./SPL/Source/stm32f4xx_gpio.o
 .group         0x00000000        0x8 ./SPL/Source/stm32f4xx_gpio.o
 .group         0x00000000        0x8 ./SPL/Source/stm32f4xx_gpio.o
 .group         0x00000000        0x8 ./SPL/Source/stm32f4xx_gpio.o
 .text          0x00000000        0x0 ./SPL/Source/stm32f4xx_gpio.o
 .data          0x00000000        0x0 ./SPL/Source/stm32f4xx_gpio.o
 .bss           0x00000000        0x0 ./SPL/Source/stm32f4xx_gpio.o
 .text.GPIO_DeInit
                0x00000000      0x164 ./SPL/Source/stm32f4xx_gpio.o
 .text.GPIO_StructInit
                0x00000000       0x34 ./SPL/Source/stm32f4xx_gpio.o
 .text.GPIO_PinLockConfig
                0x00000000       0x44 ./SPL/Source/stm32f4xx_gpio.o
 .text.GPIO_ReadInputDataBit
                0x00000000       0x34 ./SPL/Source/stm32f4xx_gpio.o
 .text.GPIO_ReadInputData
                0x00000000       0x1c ./SPL/Source/stm32f4xx_gpio.o
 .text.GPIO_ReadOutputDataBit
                0x00000000       0x34 ./SPL/Source/stm32f4xx_gpio.o
 .text.GPIO_ReadOutputData
                0x00000000       0x1c ./SPL/Source/stm32f4xx_gpio.o
 .text.GPIO_WriteBit
                0x00000000       0x30 ./SPL/Source/stm32f4xx_gpio.o
 .text.GPIO_Write
                0x00000000       0x1c ./SPL/Source/stm32f4xx_gpio.o
 .text.GPIO_ToggleBits
                0x00000000       0x24 ./SPL/Source/stm32f4xx_gpio.o
 .text.GPIO_PinAFConfig
                0x00000000       0x90 ./SPL/Source/stm32f4xx_gpio.o
 .group         0x00000000        0x8 ./SPL/Source/stm32f4xx_rcc.o
 .group         0x00000000        0x8 ./SPL/Source/stm32f4xx_rcc.o
 .group         0x00000000        0x8 ./SPL/Source/stm32f4xx_rcc.o
 .group         0x00000000        0x8 ./SPL/Source/stm32f4xx_rcc.o
 .group         0x00000000        0x8 ./SPL/Source/stm32f4xx_rcc.o
 .group         0x00000000        0x8 ./SPL/Source/stm32f4xx_rcc.o
 .group         0x00000000        0x8 ./SPL/Source/stm32f4xx_rcc.o
 .group         0x00000000        0x8 ./SPL/Source/stm32f4xx_rcc.o
 .group         0x00000000        0x8 ./SPL/Source/stm32f4xx_rcc.o
 .group         0x00000000        0x8 ./SPL/Source/stm32f4xx_rcc.o
 .group         0x00000000        0x8 ./SPL/Source/stm32f4xx_rcc.o
 .group         0x00000000        0x8 ./SPL/Source/stm32f4xx_rcc.o
 .group         0x00000000        0x8 ./SPL/Source/stm32f4xx_rcc.o
 .text          0x00000000        0x0 ./SPL/Source/stm32f4xx_rcc.o
 .data          0x00000000        0x0 ./SPL/Source/stm32f4xx_rcc.o
 .bss           0x00000000        0x0 ./SPL/Source/stm32f4xx_rcc.o
 .data.APBAHBPrescTable
                0x00000000       0x10 ./SPL/Source/stm32f4xx_rcc.o
 .text.RCC_DeInit
                0x00000000       0x70 ./SPL/Source/stm32f4xx_rcc.o
 .text.RCC_HSEConfig
                0x00000000       0x24 ./SPL/Source/stm32f4xx_rcc.o
 .text.RCC_WaitForHSEStartUp
                0x00000000       0x50 ./SPL/Source/stm32f4xx_rcc.o
 .text.RCC_AdjustHSICalibrationValue
                0x00000000       0x3c ./SPL/Source/stm32f4xx_rcc.o
 .text.RCC_HSICmd
                0x00000000       0x20 ./SPL/Source/stm32f4xx_rcc.o
 .text.RCC_LSEConfig
                0x00000000       0x40 ./SPL/Source/stm32f4xx_rcc.o
 .text.RCC_LSICmd
                0x00000000       0x20 ./SPL/Source/stm32f4xx_rcc.o
 .text.RCC_PLLConfig
                0x00000000       0x3c ./SPL/Source/stm32f4xx_rcc.o
 .text.RCC_PLLCmd
                0x00000000       0x20 ./SPL/Source/stm32f4xx_rcc.o
 .text.RCC_PLLI2SConfig
                0x00000000       0x28 ./SPL/Source/stm32f4xx_rcc.o
 .text.RCC_PLLI2SCmd
                0x00000000       0x20 ./SPL/Source/stm32f4xx_rcc.o
 .text.RCC_PLLSAIConfig
                0x00000000       0x30 ./SPL/Source/stm32f4xx_rcc.o
 .text.RCC_PLLSAICmd
                0x00000000       0x20 ./SPL/Source/stm32f4xx_rcc.o
 .text.RCC_ClockSecuritySystemCmd
                0x00000000       0x20 ./SPL/Source/stm32f4xx_rcc.o
 .text.RCC_MCO1Config
                0x00000000       0x3c ./SPL/Source/stm32f4xx_rcc.o
 .text.RCC_MCO2Config
                0x00000000       0x3c ./SPL/Source/stm32f4xx_rcc.o
 .text.RCC_SYSCLKConfig
                0x00000000       0x38 ./SPL/Source/stm32f4xx_rcc.o
 .text.RCC_GetSYSCLKSource
                0x00000000       0x20 ./SPL/Source/stm32f4xx_rcc.o
 .text.RCC_HCLKConfig
                0x00000000       0x38 ./SPL/Source/stm32f4xx_rcc.o
 .text.RCC_PCLK1Config
                0x00000000       0x38 ./SPL/Source/stm32f4xx_rcc.o
 .text.RCC_PCLK2Config
                0x00000000       0x38 ./SPL/Source/stm32f4xx_rcc.o
 .text.RCC_GetClocksFreq
                0x00000000      0x154 ./SPL/Source/stm32f4xx_rcc.o
 .text.RCC_RTCCLKConfig
                0x00000000       0x5c ./SPL/Source/stm32f4xx_rcc.o
 .text.RCC_RTCCLKCmd
                0x00000000       0x20 ./SPL/Source/stm32f4xx_rcc.o
 .text.RCC_BackupResetCmd
                0x00000000       0x20 ./SPL/Source/stm32f4xx_rcc.o
 .text.RCC_I2SCLKConfig
                0x00000000       0x1c ./SPL/Source/stm32f4xx_rcc.o
 .text.RCC_SAIBlockACLKConfig
                0x00000000       0x3c ./SPL/Source/stm32f4xx_rcc.o
 .text.RCC_SAIBlockBCLKConfig
                0x00000000       0x3c ./SPL/Source/stm32f4xx_rcc.o
 .text.RCC_SAIPLLI2SClkDivConfig
                0x00000000       0x3c ./SPL/Source/stm32f4xx_rcc.o
 .text.RCC_SAIPLLSAIClkDivConfig
                0x00000000       0x40 ./SPL/Source/stm32f4xx_rcc.o
 .text.RCC_LTDCCLKDivConfig
                0x00000000       0x3c ./SPL/Source/stm32f4xx_rcc.o
 .text.RCC_TIMCLKPresConfig
                0x00000000       0x1c ./SPL/Source/stm32f4xx_rcc.o
 .text.RCC_AHB2PeriphClockCmd
                0x00000000       0x3c ./SPL/Source/stm32f4xx_rcc.o
 .text.RCC_AHB3PeriphClockCmd
                0x00000000       0x3c ./SPL/Source/stm32f4xx_rcc.o
 .text.RCC_APB1PeriphClockCmd
                0x00000000       0x3c ./SPL/Source/stm32f4xx_rcc.o
 .text.RCC_APB2PeriphClockCmd
                0x00000000       0x3c ./SPL/Source/stm32f4xx_rcc.o
 .text.RCC_AHB1PeriphResetCmd
                0x00000000       0x3c ./SPL/Source/stm32f4xx_rcc.o
 .text.RCC_AHB2PeriphResetCmd
                0x00000000       0x3c ./SPL/Source/stm32f4xx_rcc.o
 .text.RCC_AHB3PeriphResetCmd
                0x00000000       0x3c ./SPL/Source/stm32f4xx_rcc.o
 .text.RCC_APB1PeriphResetCmd
                0x00000000       0x3c ./SPL/Source/stm32f4xx_rcc.o
 .text.RCC_APB2PeriphResetCmd
                0x00000000       0x3c ./SPL/Source/stm32f4xx_rcc.o
 .text.RCC_AHB1PeriphClockLPModeCmd
                0x00000000       0x3c ./SPL/Source/stm32f4xx_rcc.o
 .text.RCC_AHB2PeriphClockLPModeCmd
                0x00000000       0x3c ./SPL/Source/stm32f4xx_rcc.o
 .text.RCC_AHB3PeriphClockLPModeCmd
                0x00000000       0x3c ./SPL/Source/stm32f4xx_rcc.o
 .text.RCC_APB1PeriphClockLPModeCmd
                0x00000000       0x3c ./SPL/Source/stm32f4xx_rcc.o
 .text.RCC_APB2PeriphClockLPModeCmd
                0x00000000       0x3c ./SPL/Source/stm32f4xx_rcc.o
 .text.RCC_LSEModeConfig
                0x00000000       0x38 ./SPL/Source/stm32f4xx_rcc.o
 .text.RCC_ITConfig
                0x00000000       0x4c ./SPL/Source/stm32f4xx_rcc.o
 .text.RCC_GetFlagStatus
                0x00000000       0x74 ./SPL/Source/stm32f4xx_rcc.o
 .text.RCC_ClearFlag
                0x00000000       0x1c ./SPL/Source/stm32f4xx_rcc.o
 .text.RCC_GetITStatus
                0x00000000       0x38 ./SPL/Source/stm32f4xx_rcc.o
 .text.RCC_ClearITPendingBit
                0x00000000       0x20 ./SPL/Source/stm32f4xx_rcc.o
 .debug_macro   0x00000000      0x868 ./SPL/Source/stm32f4xx_rcc.o
 .debug_macro   0x00000000       0x6b ./SPL/Source/stm32f4xx_rcc.o
 .debug_macro   0x00000000       0x3b ./SPL/Source/stm32f4xx_rcc.o
 .debug_macro   0x00000000       0x22 ./SPL/Source/stm32f4xx_rcc.o
 .debug_macro   0x00000000       0x44 ./SPL/Source/stm32f4xx_rcc.o
 .debug_macro   0x00000000       0x58 ./SPL/Source/stm32f4xx_rcc.o
 .debug_macro   0x00000000       0x22 ./SPL/Source/stm32f4xx_rcc.o
 .debug_macro   0x00000000      0x1df ./SPL/Source/stm32f4xx_rcc.o
 .debug_macro   0x00000000       0x2d ./SPL/Source/stm32f4xx_rcc.o
 .debug_macro   0x00000000       0x26 ./SPL/Source/stm32f4xx_rcc.o
 .debug_macro   0x00000000      0xd39 ./SPL/Source/stm32f4xx_rcc.o
 .debug_macro   0x00000000     0x8fe6 ./SPL/Source/stm32f4xx_rcc.o
 .text          0x00000000       0x14 ./CMSIS/Startup/startup_stm32f40xx.o
 .data          0x00000000        0x0 ./CMSIS/Startup/startup_stm32f40xx.o
 .bss           0x00000000        0x0 ./CMSIS/Startup/startup_stm32f40xx.o
 .group         0x00000000        0x8 ./CMSIS/system_stm32f4xx.o
 .group         0x00000000        0x8 ./CMSIS/system_stm32f4xx.o
 .group         0x00000000        0x8 ./CMSIS/system_stm32f4xx.o
 .group         0x00000000        0x8 ./CMSIS/system_stm32f4xx.o
 .group         0x00000000        0x8 ./CMSIS/system_stm32f4xx.o
 .group         0x00000000        0x8 ./CMSIS/system_stm32f4xx.o
 .group         0x00000000        0x8 ./CMSIS/system_stm32f4xx.o
 .group         0x00000000        0x8 ./CMSIS/system_stm32f4xx.o
 .group         0x00000000        0x8 ./CMSIS/system_stm32f4xx.o
 .group         0x00000000        0x8 ./CMSIS/system_stm32f4xx.o
 .group         0x00000000        0x8 ./CMSIS/system_stm32f4xx.o
 .group         0x00000000        0x8 ./CMSIS/system_stm32f4xx.o
 .text          0x00000000        0x0 ./CMSIS/system_stm32f4xx.o
 .data          0x00000000        0x0 ./CMSIS/system_stm32f4xx.o
 .bss           0x00000000        0x0 ./CMSIS/system_stm32f4xx.o
 .data.SystemCoreClock
                0x00000000        0x4 ./CMSIS/system_stm32f4xx.o
 .data.AHBPrescTable
                0x00000000       0x10 ./CMSIS/system_stm32f4xx.o
 .text.SystemCoreClockUpdate
                0x00000000       0xf8 ./CMSIS/system_stm32f4xx.o
 .debug_macro   0x00000000      0x868 ./CMSIS/system_stm32f4xx.o
 .debug_macro   0x00000000       0x6b ./CMSIS/system_stm32f4xx.o
 .debug_macro   0x00000000       0x3b ./CMSIS/system_stm32f4xx.o
 .debug_macro   0x00000000       0x22 ./CMSIS/system_stm32f4xx.o
 .debug_macro   0x00000000       0x44 ./CMSIS/system_stm32f4xx.o
 .debug_macro   0x00000000       0x58 ./CMSIS/system_stm32f4xx.o
 .debug_macro   0x00000000       0x22 ./CMSIS/system_stm32f4xx.o
 .debug_macro   0x00000000      0x1df ./CMSIS/system_stm32f4xx.o
 .debug_macro   0x00000000       0x2d ./CMSIS/system_stm32f4xx.o
 .debug_macro   0x00000000       0x26 ./CMSIS/system_stm32f4xx.o
 .debug_macro   0x00000000      0xd39 ./CMSIS/system_stm32f4xx.o
 .debug_macro   0x00000000     0x8fe6 ./CMSIS/system_stm32f4xx.o
 .group         0x00000000        0x8 ./mainL00801.o
 .group         0x00000000        0x8 ./mainL00801.o
 .group         0x00000000        0x8 ./mainL00801.o
 .group         0x00000000        0x8 ./mainL00801.o
 .group         0x00000000        0x8 ./mainL00801.o
 .group         0x00000000        0x8 ./mainL00801.o
 .group         0x00000000        0x8 ./mainL00801.o
 .group         0x00000000        0x8 ./mainL00801.o
 .group         0x00000000        0x8 ./mainL00801.o
 .group         0x00000000        0x8 ./mainL00801.o
 .group         0x00000000        0x8 ./mainL00801.o
 .group         0x00000000        0x8 ./mainL00801.o
 .group         0x00000000        0x8 ./mainL00801.o
 .group         0x00000000        0x8 ./mainL00801.o
 .text          0x00000000        0x0 ./mainL00801.o
 .data          0x00000000        0x0 ./mainL00801.o
 .bss           0x00000000        0x0 ./mainL00801.o
 .debug_macro   0x00000000      0x868 ./mainL00801.o
 .debug_macro   0x00000000       0x6b ./mainL00801.o
 .debug_macro   0x00000000       0x3b ./mainL00801.o
 .debug_macro   0x00000000       0x22 ./mainL00801.o
 .debug_macro   0x00000000       0x44 ./mainL00801.o
 .debug_macro   0x00000000       0x58 ./mainL00801.o
 .debug_macro   0x00000000       0x22 ./mainL00801.o
 .debug_macro   0x00000000      0x1df ./mainL00801.o
 .debug_macro   0x00000000       0x2d ./mainL00801.o
 .debug_macro   0x00000000       0x26 ./mainL00801.o
 .debug_macro   0x00000000      0xd39 ./mainL00801.o
 .debug_macro   0x00000000     0x8fe6 ./mainL00801.o
 .debug_macro   0x00000000      0x2e7 ./mainL00801.o
 .debug_macro   0x00000000      0x650 ./mainL00801.o
 .text          0x00000000        0x0 c:/program files (x86)/gnu tools arm embedded/4.9 2015q2/bin/../lib/gcc/arm-none-eabi/4.9.3/../../../../arm-none-eabi/lib/armv7-m\libg.a(lib_a-exit.o)
 .data          0x00000000        0x0 c:/program files (x86)/gnu tools arm embedded/4.9 2015q2/bin/../lib/gcc/arm-none-eabi/4.9.3/../../../../arm-none-eabi/lib/armv7-m\libg.a(lib_a-exit.o)
 .bss           0x00000000        0x0 c:/program files (x86)/gnu tools arm embedded/4.9 2015q2/bin/../lib/gcc/arm-none-eabi/4.9.3/../../../../arm-none-eabi/lib/armv7-m\libg.a(lib_a-exit.o)
 .text.exit     0x00000000       0x20 c:/program files (x86)/gnu tools arm embedded/4.9 2015q2/bin/../lib/gcc/arm-none-eabi/4.9.3/../../../../arm-none-eabi/lib/armv7-m\libg.a(lib_a-exit.o)
 .debug_frame   0x00000000       0x28 c:/program files (x86)/gnu tools arm embedded/4.9 2015q2/bin/../lib/gcc/arm-none-eabi/4.9.3/../../../../arm-none-eabi/lib/armv7-m\libg.a(lib_a-exit.o)
 .ARM.attributes
                0x00000000       0x2d c:/program files (x86)/gnu tools arm embedded/4.9 2015q2/bin/../lib/gcc/arm-none-eabi/4.9.3/../../../../arm-none-eabi/lib/armv7-m\libg.a(lib_a-exit.o)
 .text          0x00000000        0x0 c:/program files (x86)/gnu tools arm embedded/4.9 2015q2/bin/../lib/gcc/arm-none-eabi/4.9.3/../../../../arm-none-eabi/lib/armv7-m\libg.a(lib_a-impure.o)
 .data          0x00000000        0x0 c:/program files (x86)/gnu tools arm embedded/4.9 2015q2/bin/../lib/gcc/arm-none-eabi/4.9.3/../../../../arm-none-eabi/lib/armv7-m\libg.a(lib_a-impure.o)
 .bss           0x00000000        0x0 c:/program files (x86)/gnu tools arm embedded/4.9 2015q2/bin/../lib/gcc/arm-none-eabi/4.9.3/../../../../arm-none-eabi/lib/armv7-m\libg.a(lib_a-impure.o)
 .data._impure_ptr
                0x00000000        0x4 c:/program files (x86)/gnu tools arm embedded/4.9 2015q2/bin/../lib/gcc/arm-none-eabi/4.9.3/../../../../arm-none-eabi/lib/armv7-m\libg.a(lib_a-impure.o)
 .text          0x00000000        0x0 c:/program files (x86)/gnu tools arm embedded/4.9 2015q2/bin/../lib/gcc/arm-none-eabi/4.9.3/../../../../arm-none-eabi/lib/armv7-m\libg.a(lib_a-init.o)
 .data          0x00000000        0x0 c:/program files (x86)/gnu tools arm embedded/4.9 2015q2/bin/../lib/gcc/arm-none-eabi/4.9.3/../../../../arm-none-eabi/lib/armv7-m\libg.a(lib_a-init.o)
 .bss           0x00000000        0x0 c:/program files (x86)/gnu tools arm embedded/4.9 2015q2/bin/../lib/gcc/arm-none-eabi/4.9.3/../../../../arm-none-eabi/lib/armv7-m\libg.a(lib_a-init.o)
 .text.__libc_init_array
                0x00000000       0x50 c:/program files (x86)/gnu tools arm embedded/4.9 2015q2/bin/../lib/gcc/arm-none-eabi/4.9.3/../../../../arm-none-eabi/lib/armv7-m\libg.a(lib_a-init.o)
 .debug_frame   0x00000000       0x2c c:/program files (x86)/gnu tools arm embedded/4.9 2015q2/bin/../lib/gcc/arm-none-eabi/4.9.3/../../../../arm-none-eabi/lib/armv7-m\libg.a(lib_a-init.o)
 .ARM.attributes
                0x00000000       0x2d c:/program files (x86)/gnu tools arm embedded/4.9 2015q2/bin/../lib/gcc/arm-none-eabi/4.9.3/../../../../arm-none-eabi/lib/armv7-m\libg.a(lib_a-init.o)
 .text          0x00000000        0x0 c:/program files (x86)/gnu tools arm embedded/4.9 2015q2/bin/../lib/gcc/arm-none-eabi/4.9.3/../../../../arm-none-eabi/lib/armv7-m\libg.a(lib_a-memset.o)
 .data          0x00000000        0x0 c:/program files (x86)/gnu tools arm embedded/4.9 2015q2/bin/../lib/gcc/arm-none-eabi/4.9.3/../../../../arm-none-eabi/lib/armv7-m\libg.a(lib_a-memset.o)
 .bss           0x00000000        0x0 c:/program files (x86)/gnu tools arm embedded/4.9 2015q2/bin/../lib/gcc/arm-none-eabi/4.9.3/../../../../arm-none-eabi/lib/armv7-m\libg.a(lib_a-memset.o)
 .text.memset   0x00000000       0x9c c:/program files (x86)/gnu tools arm embedded/4.9 2015q2/bin/../lib/gcc/arm-none-eabi/4.9.3/../../../../arm-none-eabi/lib/armv7-m\libg.a(lib_a-memset.o)
 .debug_frame   0x00000000       0x34 c:/program files (x86)/gnu tools arm embedded/4.9 2015q2/bin/../lib/gcc/arm-none-eabi/4.9.3/../../../../arm-none-eabi/lib/armv7-m\libg.a(lib_a-memset.o)
 .ARM.attributes
                0x00000000       0x2d c:/program files (x86)/gnu tools arm embedded/4.9 2015q2/bin/../lib/gcc/arm-none-eabi/4.9.3/../../../../arm-none-eabi/lib/armv7-m\libg.a(lib_a-memset.o)
 .text          0x00000000        0x0 c:/program files (x86)/gnu tools arm embedded/4.9 2015q2/bin/../lib/gcc/arm-none-eabi/4.9.3/../../../../arm-none-eabi/lib/armv7-m\libg.a(lib_a-__call_atexit.o)
 .data          0x00000000        0x0 c:/program files (x86)/gnu tools arm embedded/4.9 2015q2/bin/../lib/gcc/arm-none-eabi/4.9.3/../../../../arm-none-eabi/lib/armv7-m\libg.a(lib_a-__call_atexit.o)
 .bss           0x00000000        0x0 c:/program files (x86)/gnu tools arm embedded/4.9 2015q2/bin/../lib/gcc/arm-none-eabi/4.9.3/../../../../arm-none-eabi/lib/armv7-m\libg.a(lib_a-__call_atexit.o)
 .text.__call_exitprocs
                0x00000000       0xd4 c:/program files (x86)/gnu tools arm embedded/4.9 2015q2/bin/../lib/gcc/arm-none-eabi/4.9.3/../../../../arm-none-eabi/lib/armv7-m\libg.a(lib_a-__call_atexit.o)
 .text          0x00000000        0x0 c:/program files (x86)/gnu tools arm embedded/4.9 2015q2/bin/../lib/gcc/arm-none-eabi/4.9.3/../../../../arm-none-eabi/lib/armv7-m\libg.a(lib_a-atexit.o)
 .data          0x00000000        0x0 c:/program files (x86)/gnu tools arm embedded/4.9 2015q2/bin/../lib/gcc/arm-none-eabi/4.9.3/../../../../arm-none-eabi/lib/armv7-m\libg.a(lib_a-atexit.o)
 .bss           0x00000000        0x0 c:/program files (x86)/gnu tools arm embedded/4.9 2015q2/bin/../lib/gcc/arm-none-eabi/4.9.3/../../../../arm-none-eabi/lib/armv7-m\libg.a(lib_a-atexit.o)
 .text          0x00000000        0x0 c:/program files (x86)/gnu tools arm embedded/4.9 2015q2/bin/../lib/gcc/arm-none-eabi/4.9.3/../../../../arm-none-eabi/lib/armv7-m\libg.a(lib_a-fini.o)
 .data          0x00000000        0x0 c:/program files (x86)/gnu tools arm embedded/4.9 2015q2/bin/../lib/gcc/arm-none-eabi/4.9.3/../../../../arm-none-eabi/lib/armv7-m\libg.a(lib_a-fini.o)
 .bss           0x00000000        0x0 c:/program files (x86)/gnu tools arm embedded/4.9 2015q2/bin/../lib/gcc/arm-none-eabi/4.9.3/../../../../arm-none-eabi/lib/armv7-m\libg.a(lib_a-fini.o)
 .text          0x00000000        0x0 c:/program files (x86)/gnu tools arm embedded/4.9 2015q2/bin/../lib/gcc/arm-none-eabi/4.9.3/../../../../arm-none-eabi/lib/armv7-m\libg.a(lib_a-__atexit.o)
 .data          0x00000000        0x0 c:/program files (x86)/gnu tools arm embedded/4.9 2015q2/bin/../lib/gcc/arm-none-eabi/4.9.3/../../../../arm-none-eabi/lib/armv7-m\libg.a(lib_a-__atexit.o)
 .bss           0x00000000        0x0 c:/program files (x86)/gnu tools arm embedded/4.9 2015q2/bin/../lib/gcc/arm-none-eabi/4.9.3/../../../../arm-none-eabi/lib/armv7-m\libg.a(lib_a-__atexit.o)
 .text          0x00000000        0x0 c:/program files (x86)/gnu tools arm embedded/4.9 2015q2/bin/../lib/gcc/arm-none-eabi/4.9.3/armv7-m/crtend.o
 .data          0x00000000        0x0 c:/program files (x86)/gnu tools arm embedded/4.9 2015q2/bin/../lib/gcc/arm-none-eabi/4.9.3/armv7-m/crtend.o
 .bss           0x00000000        0x0 c:/program files (x86)/gnu tools arm embedded/4.9 2015q2/bin/../lib/gcc/arm-none-eabi/4.9.3/armv7-m/crtend.o
 .eh_frame      0x00000000        0x4 c:/program files (x86)/gnu tools arm embedded/4.9 2015q2/bin/../lib/gcc/arm-none-eabi/4.9.3/armv7-m/crtend.o
 .jcr           0x00000000        0x4 c:/program files (x86)/gnu tools arm embedded/4.9 2015q2/bin/../lib/gcc/arm-none-eabi/4.9.3/armv7-m/crtend.o
 .ARM.attributes
                0x00000000       0x2d c:/program files (x86)/gnu tools arm embedded/4.9 2015q2/bin/../lib/gcc/arm-none-eabi/4.9.3/armv7-m/crtend.o
 .text          0x00000000        0x0 c:/program files (x86)/gnu tools arm embedded/4.9 2015q2/bin/../lib/gcc/arm-none-eabi/4.9.3/armv7-m/crtn.o
 .data          0x00000000        0x0 c:/program files (x86)/gnu tools arm embedded/4.9 2015q2/bin/../lib/gcc/arm-none-eabi/4.9.3/armv7-m/crtn.o
 .bss           0x00000000        0x0 c:/program files (x86)/gnu tools arm embedded/4.9 2015q2/bin/../lib/gcc/arm-none-eabi/4.9.3/armv7-m/crtn.o

Memory Configuration

Name             Origin             Length             Attributes
FLASH            0x08000000         0x00100000         xr
RAM              0x20000000         0x00020000         xrw
MEMORY_B1        0x60000000         0x00000000         xr
CCMRAM           0x10000000         0x00010000         rw
*default*        0x00000000         0xffffffff

Linker script and memory map

LOAD c:/program files (x86)/gnu tools arm embedded/4.9 2015q2/bin/../lib/gcc/arm-none-eabi/4.9.3/armv7-m/crti.o
LOAD c:/program files (x86)/gnu tools arm embedded/4.9 2015q2/bin/../lib/gcc/arm-none-eabi/4.9.3/armv7-m/crtbegin.o
LOAD c:/program files (x86)/gnu tools arm embedded/4.9 2015q2/bin/../lib/gcc/arm-none-eabi/4.9.3/../../../../arm-none-eabi/lib/armv7-m/crt0.o
LOAD ./SPL/Source/stm32f4xx_gpio.o
LOAD ./SPL/Source/stm32f4xx_rcc.o
LOAD ./CMSIS/Startup/startup_stm32f40xx.o
LOAD ./CMSIS/system_stm32f4xx.o
LOAD ./mainL00801.o
START GROUP
LOAD c:/program files (x86)/gnu tools arm embedded/4.9 2015q2/bin/../lib/gcc/arm-none-eabi/4.9.3/armv7-m\libgcc.a
LOAD c:/program files (x86)/gnu tools arm embedded/4.9 2015q2/bin/../lib/gcc/arm-none-eabi/4.9.3/../../../../arm-none-eabi/lib/armv7-m\libg.a
LOAD c:/program files (x86)/gnu tools arm embedded/4.9 2015q2/bin/../lib/gcc/arm-none-eabi/4.9.3/../../../../arm-none-eabi/lib/armv7-m\libc.a
END GROUP
LOAD c:/program files (x86)/gnu tools arm embedded/4.9 2015q2/bin/../lib/gcc/arm-none-eabi/4.9.3/armv7-m/crtend.o
LOAD c:/program files (x86)/gnu tools arm embedded/4.9 2015q2/bin/../lib/gcc/arm-none-eabi/4.9.3/armv7-m/crtn.o
                0x20020000                _estack = 0x20020000
                0x00000200                _Min_Heap_Size = 0x200
                0x00000400                _Min_Stack_Size = 0x400

.isr_vector     0x08000000      0x188
                0x08000000                . = ALIGN (0x4)
 *(.isr_vector)
 .isr_vector    0x08000000      0x188 ./CMSIS/Startup/startup_stm32f40xx.o
                0x08000000                g_pfnVectors
                0x08000188                . = ALIGN (0x4)

.text           0x08000188      0x6bc
                0x08000188                . = ALIGN (0x4)
 *(.text)
 .text          0x08000188       0x5c c:/program files (x86)/gnu tools arm embedded/4.9 2015q2/bin/../lib/gcc/arm-none-eabi/4.9.3/armv7-m/crtbegin.o
 *(.text*)
 .text.GPIO_Init
                0x080001e4      0x11c ./SPL/Source/stm32f4xx_gpio.o
                0x080001e4                GPIO_Init
 .text.GPIO_SetBits
                0x08000300       0x1c ./SPL/Source/stm32f4xx_gpio.o
                0x08000300                GPIO_SetBits
 .text.GPIO_ResetBits
                0x0800031c       0x1c ./SPL/Source/stm32f4xx_gpio.o
                0x0800031c                GPIO_ResetBits
 .text.RCC_AHB1PeriphClockCmd
                0x08000338       0x3c ./SPL/Source/stm32f4xx_rcc.o
                0x08000338                RCC_AHB1PeriphClockCmd
 .text.Reset_Handler
                0x08000374       0x44 ./CMSIS/Startup/startup_stm32f40xx.o
                0x08000374                Reset_Handler
 .text.Default_Handler
                0x080003b8        0x2 ./CMSIS/Startup/startup_stm32f40xx.o
                0x080003b8                RTC_Alarm_IRQHandler
                0x080003b8                HASH_RNG_IRQHandler
                0x080003b8                EXTI2_IRQHandler
                0x080003b8                TIM8_CC_IRQHandler
                0x080003b8                DebugMon_Handler
                0x080003b8                TIM1_CC_IRQHandler
                0x080003b8                DMA2_Stream5_IRQHandler
                0x080003b8                HardFault_Handler
                0x080003b8                DMA1_Stream5_IRQHandler
                0x080003b8                SysTick_Handler
                0x080003b8                PVD_IRQHandler
                0x080003b8                SDIO_IRQHandler
                0x080003b8                TAMP_STAMP_IRQHandler
                0x080003b8                PendSV_Handler
                0x080003b8                NMI_Handler
                0x080003b8                CAN2_RX1_IRQHandler
                0x080003b8                EXTI3_IRQHandler
                0x080003b8                TIM8_TRG_COM_TIM14_IRQHandler
                0x080003b8                TIM1_UP_TIM10_IRQHandler
                0x080003b8                TIM8_UP_TIM13_IRQHandler
                0x080003b8                I2C3_ER_IRQHandler
                0x080003b8                EXTI0_IRQHandler
                0x080003b8                I2C2_EV_IRQHandler
                0x080003b8                DMA1_Stream2_IRQHandler
                0x080003b8                CAN1_RX0_IRQHandler
                0x080003b8                FPU_IRQHandler
                0x080003b8                OTG_HS_WKUP_IRQHandler
                0x080003b8                UsageFault_Handler
                0x080003b8                CAN2_SCE_IRQHandler
                0x080003b8                DMA2_Stream2_IRQHandler
                0x080003b8                SPI1_IRQHandler
                0x080003b8                TIM6_DAC_IRQHandler
                0x080003b8                TIM1_BRK_TIM9_IRQHandler
                0x080003b8                DCMI_IRQHandler
                0x080003b8                CAN2_RX0_IRQHandler
                0x080003b8                DMA2_Stream3_IRQHandler
                0x080003b8                USART6_IRQHandler
                0x080003b8                USART3_IRQHandler
                0x080003b8                CRYP_IRQHandler
                0x080003b8                CAN1_RX1_IRQHandler
                0x080003b8                UART5_IRQHandler
                0x080003b8                DMA2_Stream0_IRQHandler
                0x080003b8                TIM4_IRQHandler
                0x080003b8                I2C1_EV_IRQHandler
                0x080003b8                DMA1_Stream6_IRQHandler
                0x080003b8                DMA1_Stream1_IRQHandler
                0x080003b8                UART4_IRQHandler
                0x080003b8                TIM3_IRQHandler
                0x080003b8                RCC_IRQHandler
                0x080003b8                TIM8_BRK_TIM12_IRQHandler
                0x080003b8                Default_Handler
                0x080003b8                EXTI15_10_IRQHandler
                0x080003b8                ADC_IRQHandler
                0x080003b8                DMA1_Stream7_IRQHandler
                0x080003b8                TIM7_IRQHandler
                0x080003b8                CAN2_TX_IRQHandler
                0x080003b8                TIM5_IRQHandler
                0x080003b8                DMA2_Stream7_IRQHandler
                0x080003b8                I2C3_EV_IRQHandler
                0x080003b8                EXTI9_5_IRQHandler
                0x080003b8                RTC_WKUP_IRQHandler
                0x080003b8                ETH_WKUP_IRQHandler
                0x080003b8                SPI2_IRQHandler
                0x080003b8                OTG_HS_EP1_IN_IRQHandler
                0x080003b8                MemManage_Handler
                0x080003b8                DMA1_Stream0_IRQHandler
                0x080003b8                CAN1_TX_IRQHandler
                0x080003b8                SVC_Handler
                0x080003b8                EXTI4_IRQHandler
                0x080003b8                FSMC_IRQHandler
                0x080003b8                ETH_IRQHandler
                0x080003b8                OTG_HS_EP1_OUT_IRQHandler
                0x080003b8                WWDG_IRQHandler
                0x080003b8                TIM2_IRQHandler
                0x080003b8                OTG_FS_WKUP_IRQHandler
                0x080003b8                TIM1_TRG_COM_TIM11_IRQHandler
                0x080003b8                OTG_HS_IRQHandler
                0x080003b8                EXTI1_IRQHandler
                0x080003b8                USART2_IRQHandler
                0x080003b8                I2C2_ER_IRQHandler
                0x080003b8                DMA2_Stream1_IRQHandler
                0x080003b8                CAN1_SCE_IRQHandler
                0x080003b8                FLASH_IRQHandler
                0x080003b8                DMA2_Stream4_IRQHandler
                0x080003b8                BusFault_Handler
                0x080003b8                USART1_IRQHandler
                0x080003b8                OTG_FS_IRQHandler
                0x080003b8                SPI3_IRQHandler
                0x080003b8                DMA1_Stream4_IRQHandler
                0x080003b8                I2C1_ER_IRQHandler
                0x080003b8                DMA2_Stream6_IRQHandler
                0x080003b8                DMA1_Stream3_IRQHandler
 *fill*         0x080003ba        0x2 
 .text.SystemInit
                0x080003bc       0x58 ./CMSIS/system_stm32f4xx.o
                0x080003bc                SystemInit
 .text.SetSysClock
                0x08000414       0xa4 ./CMSIS/system_stm32f4xx.o
 .text.main     0x080004b8      0x124 ./mainL00801.o
                0x080004b8                main
 .text.setnull  0x080005dc       0x90 ./mainL00801.o
                0x080005dc                setnull
 .text.setColor
                0x0800066c       0x8c ./mainL00801.o
                0x0800066c                setColor
 .text.deley    0x080006f8       0x20 ./mainL00801.o
                0x080006f8                deley
 .text.del      0x08000718       0x24 ./mainL00801.o
                0x08000718                del
 .text.startup.register_fini
                0x0800073c       0x14 c:/program files (x86)/gnu tools arm embedded/4.9 2015q2/bin/../lib/gcc/arm-none-eabi/4.9.3/../../../../arm-none-eabi/lib/armv7-m\libg.a(lib_a-__call_atexit.o)
 .text.atexit   0x08000750        0xc c:/program files (x86)/gnu tools arm embedded/4.9 2015q2/bin/../lib/gcc/arm-none-eabi/4.9.3/../../../../arm-none-eabi/lib/armv7-m\libg.a(lib_a-atexit.o)
                0x08000750                atexit
 .text.__libc_fini_array
                0x0800075c       0x2c c:/program files (x86)/gnu tools arm embedded/4.9 2015q2/bin/../lib/gcc/arm-none-eabi/4.9.3/../../../../arm-none-eabi/lib/armv7-m\libg.a(lib_a-fini.o)
                0x0800075c                __libc_fini_array
 .text.__register_exitproc
                0x08000788       0xa4 c:/program files (x86)/gnu tools arm embedded/4.9 2015q2/bin/../lib/gcc/arm-none-eabi/4.9.3/../../../../arm-none-eabi/lib/armv7-m\libg.a(lib_a-__atexit.o)
                0x08000788                __register_exitproc
 *(.glue_7)
 .glue_7        0x00000000        0x0 linker stubs
 *(.glue_7t)
 .glue_7t       0x00000000        0x0 linker stubs
 *(.eh_frame)
 .eh_frame      0x0800082c        0x0 c:/program files (x86)/gnu tools arm embedded/4.9 2015q2/bin/../lib/gcc/arm-none-eabi/4.9.3/armv7-m/crtbegin.o
 *(.init)
 .init          0x0800082c        0x4 c:/program files (x86)/gnu tools arm embedded/4.9 2015q2/bin/../lib/gcc/arm-none-eabi/4.9.3/armv7-m/crti.o
                0x0800082c                _init
 .init          0x08000830        0x8 c:/program files (x86)/gnu tools arm embedded/4.9 2015q2/bin/../lib/gcc/arm-none-eabi/4.9.3/armv7-m/crtn.o
 *(.fini)
 .fini          0x08000838        0x4 c:/program files (x86)/gnu tools arm embedded/4.9 2015q2/bin/../lib/gcc/arm-none-eabi/4.9.3/armv7-m/crti.o
                0x08000838                _fini
 .fini          0x0800083c        0x8 c:/program files (x86)/gnu tools arm embedded/4.9 2015q2/bin/../lib/gcc/arm-none-eabi/4.9.3/armv7-m/crtn.o
                0x08000844                . = ALIGN (0x4)
                0x08000844                _etext = .

.vfp11_veneer   0x08000844        0x0
 .vfp11_veneer  0x00000000        0x0 linker stubs

.v4_bx          0x08000844        0x0
 .v4_bx         0x00000000        0x0 linker stubs

.iplt           0x08000844        0x0
 .iplt          0x00000000        0x0 c:/program files (x86)/gnu tools arm embedded/4.9 2015q2/bin/../lib/gcc/arm-none-eabi/4.9.3/armv7-m/crtbegin.o

.rodata         0x08000844        0x8
                0x08000844                . = ALIGN (0x4)
 *(.rodata)
 *(.rodata*)
 .rodata.str1.4
                0x08000844        0x4 c:/program files (x86)/gnu tools arm embedded/4.9 2015q2/bin/../lib/gcc/arm-none-eabi/4.9.3/../../../../arm-none-eabi/lib/armv7-m\libg.a(lib_a-impure.o)
                                  0x2 (size before relaxing)
 .rodata._global_impure_ptr
                0x08000848        0x4 c:/program files (x86)/gnu tools arm embedded/4.9 2015q2/bin/../lib/gcc/arm-none-eabi/4.9.3/../../../../arm-none-eabi/lib/armv7-m\libg.a(lib_a-impure.o)
                0x08000848                _global_impure_ptr
                0x0800084c                . = ALIGN (0x4)

.rel.dyn        0x0800084c        0x0
 .rel.iplt      0x00000000        0x0 c:/program files (x86)/gnu tools arm embedded/4.9 2015q2/bin/../lib/gcc/arm-none-eabi/4.9.3/armv7-m/crtbegin.o

.ARM.extab
 *(.ARM.extab* .gnu.linkonce.armextab.*)

.ARM            0x0800084c        0x0
                0x0800084c                __exidx_start = .
 *(.ARM.exidx*)
                0x0800084c                __exidx_end = .

.preinit_array  0x0800084c        0x0
                0x0800084c                PROVIDE (__preinit_array_start, .)
 *(.preinit_array*)
                0x0800084c                PROVIDE (__preinit_array_end, .)

.init_array     0x0800084c        0x8
                0x0800084c                PROVIDE (__init_array_start, .)
 *(SORT(.init_array.*))
 .init_array.00000
                0x0800084c        0x4 c:/program files (x86)/gnu tools arm embedded/4.9 2015q2/bin/../lib/gcc/arm-none-eabi/4.9.3/../../../../arm-none-eabi/lib/armv7-m\libg.a(lib_a-__call_atexit.o)
 *(.init_array*)
 .init_array    0x08000850        0x4 c:/program files (x86)/gnu tools arm embedded/4.9 2015q2/bin/../lib/gcc/arm-none-eabi/4.9.3/armv7-m/crtbegin.o
                0x08000854                PROVIDE (__init_array_end, .)

.fini_array     0x08000854        0x4
                0x08000854                PROVIDE (__fini_array_start, .)
 *(SORT(.fini_array.*))
 *(.fini_array*)
 .fini_array    0x08000854        0x4 c:/program files (x86)/gnu tools arm embedded/4.9 2015q2/bin/../lib/gcc/arm-none-eabi/4.9.3/armv7-m/crtbegin.o
                0x08000858                PROVIDE (__fini_array_end, .)
                0x08000858                _sidata = LOADADDR (.data)

.data           0x20000000      0x428 load address 0x08000858
                0x20000000                . = ALIGN (0x4)
                0x20000000                _sdata = .
 *(.data)
 *(.data*)
 .data.impure_data
                0x20000000      0x428 c:/program files (x86)/gnu tools arm embedded/4.9 2015q2/bin/../lib/gcc/arm-none-eabi/4.9.3/../../../../arm-none-eabi/lib/armv7-m\libg.a(lib_a-impure.o)
                0x20000428                . = ALIGN (0x4)
                0x20000428                _edata = .
                0x08000c80                _siccmram = LOADADDR (.ccmram)

.jcr            0x20000428        0x0 load address 0x08000c80
 .jcr           0x20000428        0x0 c:/program files (x86)/gnu tools arm embedded/4.9 2015q2/bin/../lib/gcc/arm-none-eabi/4.9.3/armv7-m/crtbegin.o

.igot.plt       0x20000428        0x0 load address 0x08000c80
 .igot.plt      0x00000000        0x0 c:/program files (x86)/gnu tools arm embedded/4.9 2015q2/bin/../lib/gcc/arm-none-eabi/4.9.3/armv7-m/crtbegin.o

.ccmram         0x10000000        0x0 load address 0x08000c80
                0x10000000                . = ALIGN (0x4)
                0x10000000                _sccmram = .
 *(.ccmram)
 *(.ccmram*)
                0x10000000                . = ALIGN (0x4)
                0x10000000                _eccmram = .
                0x10000000                . = ALIGN (0x4)

.bss            0x20000428       0x1c
                0x20000428                _sbss = .
                0x20000428                __bss_start__ = _sbss
 *(.bss)
 .bss           0x20000428       0x1c c:/program files (x86)/gnu tools arm embedded/4.9 2015q2/bin/../lib/gcc/arm-none-eabi/4.9.3/armv7-m/crtbegin.o
 *(.bss*)
 *(COMMON)
                0x20000444                . = ALIGN (0x4)
                0x20000444                _ebss = .
                0x20000444                __bss_end__ = _ebss

._user_heap_stack
                0x20000444      0x600
                0x20000444                . = ALIGN (0x4)
                0x20000444                PROVIDE (end, .)
                0x20000444                PROVIDE (_end, .)
                0x20000644                . = (. + _Min_Heap_Size)
 *fill*         0x20000444      0x200 
                0x20000a44                . = (. + _Min_Stack_Size)
 *fill*         0x20000644      0x400 
                0x20000a44                . = ALIGN (0x4)

.memory_b1_text
 *(.mb1text)
 *(.mb1text*)
 *(.mb1rodata)
 *(.mb1rodata*)

/DISCARD/
 libc.a(*)
 libm.a(*)
 libgcc.a(*)

.ARM.attributes
                0x00000000       0x29
 *(.ARM.attributes)
 .ARM.attributes
                0x00000000       0x1d c:/program files (x86)/gnu tools arm embedded/4.9 2015q2/bin/../lib/gcc/arm-none-eabi/4.9.3/armv7-m/crti.o
 .ARM.attributes
                0x0000001d       0x2d c:/program files (x86)/gnu tools arm embedded/4.9 2015q2/bin/../lib/gcc/arm-none-eabi/4.9.3/armv7-m/crtbegin.o
 .ARM.attributes
                0x0000004a       0x33 ./SPL/Source/stm32f4xx_gpio.o
 .ARM.attributes
                0x0000007d       0x33 ./SPL/Source/stm32f4xx_rcc.o
 .ARM.attributes
                0x000000b0       0x21 ./CMSIS/Startup/startup_stm32f40xx.o
 .ARM.attributes
                0x000000d1       0x33 ./CMSIS/system_stm32f4xx.o
 .ARM.attributes
                0x00000104       0x33 ./mainL00801.o
 .ARM.attributes
                0x00000137       0x2d c:/program files (x86)/gnu tools arm embedded/4.9 2015q2/bin/../lib/gcc/arm-none-eabi/4.9.3/../../../../arm-none-eabi/lib/armv7-m\libg.a(lib_a-impure.o)
 .ARM.attributes
                0x00000164       0x2d c:/program files (x86)/gnu tools arm embedded/4.9 2015q2/bin/../lib/gcc/arm-none-eabi/4.9.3/../../../../arm-none-eabi/lib/armv7-m\libg.a(lib_a-__call_atexit.o)
 .ARM.attributes
                0x00000191       0x2d c:/program files (x86)/gnu tools arm embedded/4.9 2015q2/bin/../lib/gcc/arm-none-eabi/4.9.3/../../../../arm-none-eabi/lib/armv7-m\libg.a(lib_a-atexit.o)
 .ARM.attributes
                0x000001be       0x2d c:/program files (x86)/gnu tools arm embedded/4.9 2015q2/bin/../lib/gcc/arm-none-eabi/4.9.3/../../../../arm-none-eabi/lib/armv7-m\libg.a(lib_a-fini.o)
 .ARM.attributes
                0x000001eb       0x2d c:/program files (x86)/gnu tools arm embedded/4.9 2015q2/bin/../lib/gcc/arm-none-eabi/4.9.3/../../../../arm-none-eabi/lib/armv7-m\libg.a(lib_a-__atexit.o)
 .ARM.attributes
                0x00000218       0x1d c:/program files (x86)/gnu tools arm embedded/4.9 2015q2/bin/../lib/gcc/arm-none-eabi/4.9.3/armv7-m/crtn.o
OUTPUT(Lesson00801(WS2801).elf elf32-littlearm)

.debug_info     0x00000000     0x1dc6
 .debug_info    0x00000000      0x60d ./SPL/Source/stm32f4xx_gpio.o
 .debug_info    0x0000060d      0xe4a ./SPL/Source/stm32f4xx_rcc.o
 .debug_info    0x00001457       0x7c ./CMSIS/Startup/startup_stm32f40xx.o
 .debug_info    0x000014d3      0x58c ./CMSIS/system_stm32f4xx.o
 .debug_info    0x00001a5f      0x367 ./mainL00801.o

.debug_abbrev   0x00000000      0x5e9
 .debug_abbrev  0x00000000      0x1a8 ./SPL/Source/stm32f4xx_gpio.o
 .debug_abbrev  0x000001a8      0x1bf ./SPL/Source/stm32f4xx_rcc.o
 .debug_abbrev  0x00000367       0x12 ./CMSIS/Startup/startup_stm32f40xx.o
 .debug_abbrev  0x00000379      0x11a ./CMSIS/system_stm32f4xx.o
 .debug_abbrev  0x00000493      0x156 ./mainL00801.o

.debug_aranges  0x00000000      0x2e0
 .debug_aranges
                0x00000000       0x88 ./SPL/Source/stm32f4xx_gpio.o
 .debug_aranges
                0x00000088      0x1c0 ./SPL/Source/stm32f4xx_rcc.o
 .debug_aranges
                0x00000248       0x28 ./CMSIS/Startup/startup_stm32f40xx.o
 .debug_aranges
                0x00000270       0x30 ./CMSIS/system_stm32f4xx.o
 .debug_aranges
                0x000002a0       0x40 ./mainL00801.o

.debug_ranges   0x00000000      0x298
 .debug_ranges  0x00000000       0x78 ./SPL/Source/stm32f4xx_gpio.o
 .debug_ranges  0x00000078      0x1b0 ./SPL/Source/stm32f4xx_rcc.o
 .debug_ranges  0x00000228       0x20 ./CMSIS/Startup/startup_stm32f40xx.o
 .debug_ranges  0x00000248       0x20 ./CMSIS/system_stm32f4xx.o
 .debug_ranges  0x00000268       0x30 ./mainL00801.o

.debug_macro    0x00000000     0xbc5c
 .debug_macro   0x00000000       0xb4 ./SPL/Source/stm32f4xx_gpio.o
 .debug_macro   0x000000b4      0x868 ./SPL/Source/stm32f4xx_gpio.o
 .debug_macro   0x0000091c       0x6b ./SPL/Source/stm32f4xx_gpio.o
 .debug_macro   0x00000987       0x3b ./SPL/Source/stm32f4xx_gpio.o
 .debug_macro   0x000009c2       0x22 ./SPL/Source/stm32f4xx_gpio.o
 .debug_macro   0x000009e4       0x44 ./SPL/Source/stm32f4xx_gpio.o
 .debug_macro   0x00000a28       0x58 ./SPL/Source/stm32f4xx_gpio.o
 .debug_macro   0x00000a80       0x22 ./SPL/Source/stm32f4xx_gpio.o
 .debug_macro   0x00000aa2      0x1df ./SPL/Source/stm32f4xx_gpio.o
 .debug_macro   0x00000c81       0x2d ./SPL/Source/stm32f4xx_gpio.o
 .debug_macro   0x00000cae       0x26 ./SPL/Source/stm32f4xx_gpio.o
 .debug_macro   0x00000cd4      0xd39 ./SPL/Source/stm32f4xx_gpio.o
 .debug_macro   0x00001a0d     0x8fe6 ./SPL/Source/stm32f4xx_gpio.o
 .debug_macro   0x0000a9f3      0x2e7 ./SPL/Source/stm32f4xx_gpio.o
 .debug_macro   0x0000acda      0x650 ./SPL/Source/stm32f4xx_gpio.o
 .debug_macro   0x0000b32a      0x175 ./SPL/Source/stm32f4xx_rcc.o
 .debug_macro   0x0000b49f      0x64a ./SPL/Source/stm32f4xx_rcc.o
 .debug_macro   0x0000bae9       0xbf ./CMSIS/system_stm32f4xx.o
 .debug_macro   0x0000bba8       0xb4 ./mainL00801.o

.debug_line     0x00000000     0x13e5
 .debug_line    0x00000000      0x474 ./SPL/Source/stm32f4xx_gpio.o
 .debug_line    0x00000474      0x776 ./SPL/Source/stm32f4xx_rcc.o
 .debug_line    0x00000bea       0x81 ./CMSIS/Startup/startup_stm32f40xx.o
 .debug_line    0x00000c6b      0x2ec ./CMSIS/system_stm32f4xx.o
 .debug_line    0x00000f57      0x48e ./mainL00801.o

.debug_str      0x00000000    0x40ace
 .debug_str     0x00000000    0x3fb7a ./SPL/Source/stm32f4xx_gpio.o
                              0x3fd2f (size before relaxing)
 .debug_str     0x0003fb7a      0xda9 ./SPL/Source/stm32f4xx_rcc.o
                              0x3f11c (size before relaxing)
 .debug_str     0x00040923      0x114 ./CMSIS/system_stm32f4xx.o
                              0x3ae06 (size before relaxing)
 .debug_str     0x00040a37       0x97 ./mainL00801.o
                              0x3fc07 (size before relaxing)

.comment        0x00000000       0x70
 .comment       0x00000000       0x70 ./SPL/Source/stm32f4xx_gpio.o
                                 0x71 (size before relaxing)
 .comment       0x00000000       0x71 ./SPL/Source/stm32f4xx_rcc.o
 .comment       0x00000000       0x71 ./CMSIS/system_stm32f4xx.o
 .comment       0x00000000       0x71 ./mainL00801.o

.debug_frame    0x00000000      0xc8c
 .debug_frame   0x00000000      0x23c ./SPL/Source/stm32f4xx_gpio.o
 .debug_frame   0x0000023c      0x83c ./SPL/Source/stm32f4xx_rcc.o
 .debug_frame   0x00000a78       0x74 ./CMSIS/system_stm32f4xx.o
 .debug_frame   0x00000aec       0xc8 ./mainL00801.o
 .debug_frame   0x00000bb4       0x50 c:/program files (x86)/gnu tools arm embedded/4.9 2015q2/bin/../lib/gcc/arm-none-eabi/4.9.3/../../../../arm-none-eabi/lib/armv7-m\libg.a(lib_a-__call_atexit.o)
 .debug_frame   0x00000c04       0x20 c:/program files (x86)/gnu tools arm embedded/4.9 2015q2/bin/../lib/gcc/arm-none-eabi/4.9.3/../../../../arm-none-eabi/lib/armv7-m\libg.a(lib_a-atexit.o)
 .debug_frame   0x00000c24       0x34 c:/program files (x86)/gnu tools arm embedded/4.9 2015q2/bin/../lib/gcc/arm-none-eabi/4.9.3/../../../../arm-none-eabi/lib/armv7-m\libg.a(lib_a-fini.o)
 .debug_frame   0x00000c58       0x34 c:/program files (x86)/gnu tools arm embedded/4.9 2015q2/bin/../lib/gcc/arm-none-eabi/4.9.3/../../../../arm-none-eabi/lib/armv7-m\libg.a(lib_a-__atexit.o)
