21:41:14 **** Build of configuration Debug for project Lesson00202(RtosUart) ****
make all 
'Building file: ../User/mainL00202.c'
'Invoking: Cross ARM C Compiler'
arm-none-eabi-gcc -mcpu=cortex-m4 -march=armv7e-m -mthumb -O0 -fmessage-length=0 -fsigned-char -ffunction-sections -fdata-sections  -g -Dassert_param(x) -I"D:\git\STM32f4Discovery\Lesson00202(RtosUart)\CMSIS" -I"D:\git\STM32f4Discovery\Lesson00202(RtosUart)\FreeRtos\Include" -I"D:\git\STM32f4Discovery\Lesson00202(RtosUart)\CMSIS\Startup" -I"D:\git\STM32f4Discovery\Lesson00202(RtosUart)\CMSIS\Core" -I"D:\git\STM32f4Discovery\Lesson00202(RtosUart)\SPL\Include" -I"D:\git\STM32f4Discovery\Lesson00202(RtosUart)\User" -std=gnu11 -MMD -MP -MF"User/mainL00202.d" -MT"User/mainL00202.o" -c -o "User/mainL00202.o" "../User/mainL00202.c"
'Finished building: ../User/mainL00202.c'
' '
'Building file: ../SPL/Source/stm32f4xx_gpio.c'
'Invoking: Cross ARM C Compiler'
arm-none-eabi-gcc -mcpu=cortex-m4 -march=armv7e-m -mthumb -O0 -fmessage-length=0 -fsigned-char -ffunction-sections -fdata-sections  -g -Dassert_param(x) -I"D:\git\STM32f4Discovery\Lesson00202(RtosUart)\CMSIS" -I"D:\git\STM32f4Discovery\Lesson00202(RtosUart)\FreeRtos\Include" -I"D:\git\STM32f4Discovery\Lesson00202(RtosUart)\CMSIS\Startup" -I"D:\git\STM32f4Discovery\Lesson00202(RtosUart)\CMSIS\Core" -I"D:\git\STM32f4Discovery\Lesson00202(RtosUart)\SPL\Include" -I"D:\git\STM32f4Discovery\Lesson00202(RtosUart)\User" -std=gnu11 -MMD -MP -MF"SPL/Source/stm32f4xx_gpio.d" -MT"SPL/Source/stm32f4xx_gpio.o" -c -o "SPL/Source/stm32f4xx_gpio.o" "../SPL/Source/stm32f4xx_gpio.c"
'Finished building: ../SPL/Source/stm32f4xx_gpio.c'
' '
'Building file: ../SPL/Source/stm32f4xx_rcc.c'
'Invoking: Cross ARM C Compiler'
arm-none-eabi-gcc -mcpu=cortex-m4 -march=armv7e-m -mthumb -O0 -fmessage-length=0 -fsigned-char -ffunction-sections -fdata-sections  -g -Dassert_param(x) -I"D:\git\STM32f4Discovery\Lesson00202(RtosUart)\CMSIS" -I"D:\git\STM32f4Discovery\Lesson00202(RtosUart)\FreeRtos\Include" -I"D:\git\STM32f4Discovery\Lesson00202(RtosUart)\CMSIS\Startup" -I"D:\git\STM32f4Discovery\Lesson00202(RtosUart)\CMSIS\Core" -I"D:\git\STM32f4Discovery\Lesson00202(RtosUart)\SPL\Include" -I"D:\git\STM32f4Discovery\Lesson00202(RtosUart)\User" -std=gnu11 -MMD -MP -MF"SPL/Source/stm32f4xx_rcc.d" -MT"SPL/Source/stm32f4xx_rcc.o" -c -o "SPL/Source/stm32f4xx_rcc.o" "../SPL/Source/stm32f4xx_rcc.c"
'Finished building: ../SPL/Source/stm32f4xx_rcc.c'
' '
'Building file: ../SPL/Source/stm32f4xx_usart.c'
'Invoking: Cross ARM C Compiler'
arm-none-eabi-gcc -mcpu=cortex-m4 -march=armv7e-m -mthumb -O0 -fmessage-length=0 -fsigned-char -ffunction-sections -fdata-sections  -g -Dassert_param(x) -I"D:\git\STM32f4Discovery\Lesson00202(RtosUart)\CMSIS" -I"D:\git\STM32f4Discovery\Lesson00202(RtosUart)\FreeRtos\Include" -I"D:\git\STM32f4Discovery\Lesson00202(RtosUart)\CMSIS\Startup" -I"D:\git\STM32f4Discovery\Lesson00202(RtosUart)\CMSIS\Core" -I"D:\git\STM32f4Discovery\Lesson00202(RtosUart)\SPL\Include" -I"D:\git\STM32f4Discovery\Lesson00202(RtosUart)\User" -std=gnu11 -MMD -MP -MF"SPL/Source/stm32f4xx_usart.d" -MT"SPL/Source/stm32f4xx_usart.o" -c -o "SPL/Source/stm32f4xx_usart.o" "../SPL/Source/stm32f4xx_usart.c"
'Finished building: ../SPL/Source/stm32f4xx_usart.c'
' '
'Building file: ../FreeRtos/Source/event_groups.c'
'Invoking: Cross ARM C Compiler'
arm-none-eabi-gcc -mcpu=cortex-m4 -march=armv7e-m -mthumb -O0 -fmessage-length=0 -fsigned-char -ffunction-sections -fdata-sections  -g -Dassert_param(x) -I"D:\git\STM32f4Discovery\Lesson00202(RtosUart)\CMSIS" -I"D:\git\STM32f4Discovery\Lesson00202(RtosUart)\FreeRtos\Include" -I"D:\git\STM32f4Discovery\Lesson00202(RtosUart)\CMSIS\Startup" -I"D:\git\STM32f4Discovery\Lesson00202(RtosUart)\CMSIS\Core" -I"D:\git\STM32f4Discovery\Lesson00202(RtosUart)\SPL\Include" -I"D:\git\STM32f4Discovery\Lesson00202(RtosUart)\User" -std=gnu11 -MMD -MP -MF"FreeRtos/Source/event_groups.d" -MT"FreeRtos/Source/event_groups.o" -c -o "FreeRtos/Source/event_groups.o" "../FreeRtos/Source/event_groups.c"
'Finished building: ../FreeRtos/Source/event_groups.c'
' '
'Building file: ../FreeRtos/Source/heap_2.c'
'Invoking: Cross ARM C Compiler'
arm-none-eabi-gcc -mcpu=cortex-m4 -march=armv7e-m -mthumb -O0 -fmessage-length=0 -fsigned-char -ffunction-sections -fdata-sections  -g -Dassert_param(x) -I"D:\git\STM32f4Discovery\Lesson00202(RtosUart)\CMSIS" -I"D:\git\STM32f4Discovery\Lesson00202(RtosUart)\FreeRtos\Include" -I"D:\git\STM32f4Discovery\Lesson00202(RtosUart)\CMSIS\Startup" -I"D:\git\STM32f4Discovery\Lesson00202(RtosUart)\CMSIS\Core" -I"D:\git\STM32f4Discovery\Lesson00202(RtosUart)\SPL\Include" -I"D:\git\STM32f4Discovery\Lesson00202(RtosUart)\User" -std=gnu11 -MMD -MP -MF"FreeRtos/Source/heap_2.d" -MT"FreeRtos/Source/heap_2.o" -c -o "FreeRtos/Source/heap_2.o" "../FreeRtos/Source/heap_2.c"
'Finished building: ../FreeRtos/Source/heap_2.c'
' '
'Building file: ../FreeRtos/Source/list.c'
'Invoking: Cross ARM C Compiler'
arm-none-eabi-gcc -mcpu=cortex-m4 -march=armv7e-m -mthumb -O0 -fmessage-length=0 -fsigned-char -ffunction-sections -fdata-sections  -g -Dassert_param(x) -I"D:\git\STM32f4Discovery\Lesson00202(RtosUart)\CMSIS" -I"D:\git\STM32f4Discovery\Lesson00202(RtosUart)\FreeRtos\Include" -I"D:\git\STM32f4Discovery\Lesson00202(RtosUart)\CMSIS\Startup" -I"D:\git\STM32f4Discovery\Lesson00202(RtosUart)\CMSIS\Core" -I"D:\git\STM32f4Discovery\Lesson00202(RtosUart)\SPL\Include" -I"D:\git\STM32f4Discovery\Lesson00202(RtosUart)\User" -std=gnu11 -MMD -MP -MF"FreeRtos/Source/list.d" -MT"FreeRtos/Source/list.o" -c -o "FreeRtos/Source/list.o" "../FreeRtos/Source/list.c"
'Finished building: ../FreeRtos/Source/list.c'
' '
'Building file: ../FreeRtos/Source/port.c'
'Invoking: Cross ARM C Compiler'
arm-none-eabi-gcc -mcpu=cortex-m4 -march=armv7e-m -mthumb -O0 -fmessage-length=0 -fsigned-char -ffunction-sections -fdata-sections  -g -Dassert_param(x) -I"D:\git\STM32f4Discovery\Lesson00202(RtosUart)\CMSIS" -I"D:\git\STM32f4Discovery\Lesson00202(RtosUart)\FreeRtos\Include" -I"D:\git\STM32f4Discovery\Lesson00202(RtosUart)\CMSIS\Startup" -I"D:\git\STM32f4Discovery\Lesson00202(RtosUart)\CMSIS\Core" -I"D:\git\STM32f4Discovery\Lesson00202(RtosUart)\SPL\Include" -I"D:\git\STM32f4Discovery\Lesson00202(RtosUart)\User" -std=gnu11 -MMD -MP -MF"FreeRtos/Source/port.d" -MT"FreeRtos/Source/port.o" -c -o "FreeRtos/Source/port.o" "../FreeRtos/Source/port.c"
'Finished building: ../FreeRtos/Source/port.c'
' '
'Building file: ../FreeRtos/Source/queue.c'
'Invoking: Cross ARM C Compiler'
arm-none-eabi-gcc -mcpu=cortex-m4 -march=armv7e-m -mthumb -O0 -fmessage-length=0 -fsigned-char -ffunction-sections -fdata-sections  -g -Dassert_param(x) -I"D:\git\STM32f4Discovery\Lesson00202(RtosUart)\CMSIS" -I"D:\git\STM32f4Discovery\Lesson00202(RtosUart)\FreeRtos\Include" -I"D:\git\STM32f4Discovery\Lesson00202(RtosUart)\CMSIS\Startup" -I"D:\git\STM32f4Discovery\Lesson00202(RtosUart)\CMSIS\Core" -I"D:\git\STM32f4Discovery\Lesson00202(RtosUart)\SPL\Include" -I"D:\git\STM32f4Discovery\Lesson00202(RtosUart)\User" -std=gnu11 -MMD -MP -MF"FreeRtos/Source/queue.d" -MT"FreeRtos/Source/queue.o" -c -o "FreeRtos/Source/queue.o" "../FreeRtos/Source/queue.c"
'Finished building: ../FreeRtos/Source/queue.c'
' '
'Building file: ../FreeRtos/Source/tasks.c'
'Invoking: Cross ARM C Compiler'
arm-none-eabi-gcc -mcpu=cortex-m4 -march=armv7e-m -mthumb -O0 -fmessage-length=0 -fsigned-char -ffunction-sections -fdata-sections  -g -Dassert_param(x) -I"D:\git\STM32f4Discovery\Lesson00202(RtosUart)\CMSIS" -I"D:\git\STM32f4Discovery\Lesson00202(RtosUart)\FreeRtos\Include" -I"D:\git\STM32f4Discovery\Lesson00202(RtosUart)\CMSIS\Startup" -I"D:\git\STM32f4Discovery\Lesson00202(RtosUart)\CMSIS\Core" -I"D:\git\STM32f4Discovery\Lesson00202(RtosUart)\SPL\Include" -I"D:\git\STM32f4Discovery\Lesson00202(RtosUart)\User" -std=gnu11 -MMD -MP -MF"FreeRtos/Source/tasks.d" -MT"FreeRtos/Source/tasks.o" -c -o "FreeRtos/Source/tasks.o" "../FreeRtos/Source/tasks.c"
'Finished building: ../FreeRtos/Source/tasks.c'
' '
'Building file: ../FreeRtos/Source/timers.c'
'Invoking: Cross ARM C Compiler'
arm-none-eabi-gcc -mcpu=cortex-m4 -march=armv7e-m -mthumb -O0 -fmessage-length=0 -fsigned-char -ffunction-sections -fdata-sections  -g -Dassert_param(x) -I"D:\git\STM32f4Discovery\Lesson00202(RtosUart)\CMSIS" -I"D:\git\STM32f4Discovery\Lesson00202(RtosUart)\FreeRtos\Include" -I"D:\git\STM32f4Discovery\Lesson00202(RtosUart)\CMSIS\Startup" -I"D:\git\STM32f4Discovery\Lesson00202(RtosUart)\CMSIS\Core" -I"D:\git\STM32f4Discovery\Lesson00202(RtosUart)\SPL\Include" -I"D:\git\STM32f4Discovery\Lesson00202(RtosUart)\User" -std=gnu11 -MMD -MP -MF"FreeRtos/Source/timers.d" -MT"FreeRtos/Source/timers.o" -c -o "FreeRtos/Source/timers.o" "../FreeRtos/Source/timers.c"
'Finished building: ../FreeRtos/Source/timers.c'
' '
'Building file: ../CMSIS/Startup/startup_stm32f40xx.S'
'Invoking: Cross ARM GNU Assembler'
arm-none-eabi-gcc -mcpu=cortex-m4 -march=armv7e-m -mthumb -O0 -fmessage-length=0 -fsigned-char -ffunction-sections -fdata-sections  -g -x assembler-with-cpp -MMD -MP -MF"CMSIS/Startup/startup_stm32f40xx.d" -MT"CMSIS/Startup/startup_stm32f40xx.o" -c -o "CMSIS/Startup/startup_stm32f40xx.o" "../CMSIS/Startup/startup_stm32f40xx.S"
'Finished building: ../CMSIS/Startup/startup_stm32f40xx.S'
' '
'Building file: ../CMSIS/system_stm32f4xx.c'
'Invoking: Cross ARM C Compiler'
arm-none-eabi-gcc -mcpu=cortex-m4 -march=armv7e-m -mthumb -O0 -fmessage-length=0 -fsigned-char -ffunction-sections -fdata-sections  -g -Dassert_param(x) -I"D:\git\STM32f4Discovery\Lesson00202(RtosUart)\CMSIS" -I"D:\git\STM32f4Discovery\Lesson00202(RtosUart)\FreeRtos\Include" -I"D:\git\STM32f4Discovery\Lesson00202(RtosUart)\CMSIS\Startup" -I"D:\git\STM32f4Discovery\Lesson00202(RtosUart)\CMSIS\Core" -I"D:\git\STM32f4Discovery\Lesson00202(RtosUart)\SPL\Include" -I"D:\git\STM32f4Discovery\Lesson00202(RtosUart)\User" -std=gnu11 -MMD -MP -MF"CMSIS/system_stm32f4xx.d" -MT"CMSIS/system_stm32f4xx.o" -c -o "CMSIS/system_stm32f4xx.o" "../CMSIS/system_stm32f4xx.c"
'Finished building: ../CMSIS/system_stm32f4xx.c'
' '
'Building target: Lesson00202(RtosUart).elf'
'Invoking: Cross ARM C Linker'
arm-none-eabi-gcc -mcpu=cortex-m4 -march=armv7e-m -mthumb -O0 -fmessage-length=0 -fsigned-char -ffunction-sections -fdata-sections  -g -T "D:\git\STM32f4Discovery\Lesson00101(USART)\CMSIS\STM32F417IG_FLASH.ld" -Xlinker --gc-sections -Wl,-Map,"Lesson00202(RtosUart).map" -o "Lesson00202(RtosUart).elf"  ./User/mainL00202.o  ./SPL/Source/stm32f4xx_gpio.o ./SPL/Source/stm32f4xx_rcc.o ./SPL/Source/stm32f4xx_usart.o  ./FreeRtos/Source/event_groups.o ./FreeRtos/Source/heap_2.o ./FreeRtos/Source/list.o ./FreeRtos/Source/port.o ./FreeRtos/Source/queue.o ./FreeRtos/Source/tasks.o ./FreeRtos/Source/timers.o  ./CMSIS/Startup/startup_stm32f40xx.o  ./CMSIS/system_stm32f4xx.o   
'Finished building target: Lesson00202(RtosUart).elf'
' '
'Invoking: Cross ARM GNU Create Flash Image'
arm-none-eabi-objcopy -O ihex "Lesson00202(RtosUart).elf"  "Lesson00202(RtosUart).hex"
'Finished building: Lesson00202(RtosUart).hex'
' '
'Invoking: Cross ARM GNU Print Size'
arm-none-eabi-size --format=berkeley "Lesson00202(RtosUart).elf"
   text	   data	    bss	    dec	    hex	filename
  12736	   1108	  78768	  92612	  169c4	Lesson00202(RtosUart).elf
'Finished building: Lesson00202(RtosUart).siz'
' '

21:41:17 Build Finished (took 2s.400ms)

